// Jest Snapshot v1, https://goo.gl/fbAQLP

exports[`App renders correctly 1`] = `
<BrowserRouter>
  <Adapter
    className="layout"
  >
    <Adapter>
      <Logo />
      <NavBar />
    </Adapter>
    <Adapter
      className="content"
    >
      <Adapter
        className="page"
      >
        <Sider />
        <Adapter>
          <NavBar />
          <Footer />
        </Adapter>
      </Adapter>
    </Adapter>
  </Adapter>
</BrowserRouter>
`;
