// Jest Snapshot v1, https://goo.gl/fbAQLP

exports[`Logo renders correctly 1`] = `
<Link
  to="/"
>
  <div
    className="logo"
  >
    <img
      alt="logo"
      src="/logo.svg"
    />
  </div>
</Link>
`;
