// Jest Snapshot v1, https://goo.gl/fbAQLP

exports[`renders correctly 1`] = `
<div>
  The mouse position is 
  0
   | 
  0
</div>
`;
