// Jest Snapshot v1, https://goo.gl/fbAQLP

exports[`EventListener renders correctly 1`] = `
<p>
  state is not set
</p>
`;
