// Jest Snapshot v1, https://goo.gl/fbAQLP

exports[`EventListener renders correctly 1`] = `
<div>
  <button
    onClick={[Function]}
  >
    Mount: 
    true
  </button>
  <TestComponent />
</div>
`;
