// Jest Snapshot v1, https://goo.gl/fbAQLP

exports[`renders correctly 1`] = `
<div>
  <div
    className="counter"
  >
    <Memo(Counter)
      count={0}
      style={
        Object {
          "color": "red",
        }
      }
    />
    <button
      onClick={[Function]}
    >
      Increment
    </button>
  </div>
  <div
    className="user"
  >
    <img
      alt="avatar"
      src="http://i.pravatar.cc/80?img=0"
    />
    <button
      onClick={[Function]}
    >
      Change User
    </button>
  </div>
</div>
`;
