// Jest Snapshot v1, https://goo.gl/fbAQLP

exports[`renders correctly 1`] = `
<div
  className="logo"
>
  <img
    alt="logo"
    src="/logo.svg"
  />
</div>
`;
