// Jest Snapshot v1, https://goo.gl/fbAQLP

exports[`renders correctly 1`] = `
<Spin
  className="container"
  indicator={
    <Icon
      className="icon"
      spin={true}
      type="loading"
    />
  }
  size="default"
  spinning={true}
  wrapperClassName=""
/>
`;
